server.js:5 - Routes detected:

server.js:37 - Server started on port 8000

server.js:5 - Routes detected:

server.js:37 - Server started on port 8000

server.js:5 - Routes detected:

server.js:37 - Server started on port 8000

server.controller.js:14 - Shutting down gracefully...
server.controller.js:17 - Server closed. Shutting down process
server.js:5 - Routes detected:

server.js:37 - Server started on port 8000

server.controller.js:14 - Shutting down gracefully...
server.controller.js:17 - Server closed. Shutting down process
server.js:5 - Routes detected:

LOG: [2025-03-20 17:25:29] server.js:5 - Routes detected:
LOG: [2025-03-20 17:25:29] server.js:38 - Server started on port 8000

index.js:69 INFO: Routes detected:
index.js:69 INFO: Server started on port 8000

index.js:69 INFO: Routes detected:
index.js:69 INFO: Server started on port 8000

index.js:69 INFO: Routes detected:
index.js:69 INFO: GET //hello
index.js:69 INFO: Server started on port 8000

index.js:69 INFO: Routes detected:
index.js:69 INFO: GET /hello
index.js:69 INFO: [2025-03-26T18:38:05.889Z] GET /hello
[2025-03-26T18:38:05.889Z] GET /hello
index.js:69 INFO: Routes detected:
index.js:69 INFO: GET /hello
[2025-03-26T19:00:04.300Z] GET /hello
index.js:69 INFO: [2025-03-26T19:00:04.300Z] GET /hello
index.js:69 INFO: Routes detected:
index.js:69 INFO: GET /hello
index.js:69 INFO: Server started on port 8000

C:\dev\project-template\node_modules\tracer\lib\console.js:52 INFO: Routes detected:
C:\dev\project-template\node_modules\tracer\lib\console.js:52 INFO: GET /hello
C:\dev\project-template\node_modules\tracer\lib\console.js:52 INFO: Server started on port 8000

index.js:124 INFO: Routes detected:
index.js:124 INFO: GET /hello
index.js:124 INFO: Server started on port 8000

index.js:124 INFO: Shutting down gracefully...
index.js:124 INFO: Server closed. Shutting down process
index.js:94 INFO: { file: 'server.js', line: 8 } 'GET /hello'
index.js:94 INFO: { file: 'server.js', line: 4 } '\x1B[38;2;240;230;140mRoutes detected:\x1B[39m'
index.js:94 INFO: { file: 'server.js', line: 8 } 'Server started on port \x1B[35m8000\x1B[39m\n'
index.js:94 INFO: {
  file: 'server.js',
  line: 4,
  message: '\x1B[38;2;240;230;140mRoutes detected:\x1B[39m'
}
index.js:94 INFO: { file: 'server.js', line: 8, message: 'GET /hello' }
index.js:94 INFO: {
  file: 'server.js',
  line: 8,
  message: 'Server started on port \x1B[35m8000\x1B[39m\n'
}
index.js:99 INFO: {
  file: 'server.js',
  line: 4,
  message: '\x1B[38;2;240;230;140mRoutes detected:\x1B[39m'
}
index.js:99 INFO: { file: 'server.js', line: 8, message: 'GET /hello' }
index.js:99 INFO: {
  file: 'server.js',
  line: 8,
  message: 'Server started on port \x1B[35m8000\x1B[39m\n'
}
index.js:99 INFO: {
  file: 'server.js',
  line: 4,
  message: '\x1B[38;2;240;230;140mRoutes detected:\x1B[39m'
}
index.js:99 INFO: { file: 'server.js', line: 8, message: 'GET /hello' }
index.js:99 INFO: {
  file: 'server.js',
  line: 8,
  message: 'Server started on port \x1B[35m8000\x1B[39m\n'
}
index.js:103 INFO: {
  file: 'server.js',
  line: 4,
  message: '\x1B[38;2;240;230;140mRoutes detected:\x1B[39m'
}
index.js:103 INFO: { file: 'server.js', line: 8, message: 'GET /hello' }
index.js:103 INFO: {
  file: 'server.js',
  line: 8,
  message: 'Server started on port \x1B[35m8000\x1B[39m\n'
}
index.js:98 INFO: {
  file: 'server.js',
  line: 4,
  message: '\x1B[38;2;240;230;140mRoutes detected:\x1B[39m'
}
index.js:98 INFO: { file: 'server.js', line: 8, message: 'GET /hello' }
index.js:98 INFO: {
  file: 'server.js',
  line: 8,
  message: 'Server started on port \x1B[35m8000\x1B[39m\n'
}
index.js:98 INFO: Routes detected: undefined { file: 'server.js', line: 4 }
index.js:98 INFO: GET /hello undefined { file: 'server.js', line: 8 }
index.js:98 INFO: Server started on port 8000
 undefined { file: 'server.js', line: 8 }
server.js:4 INFO: Routes detected:
server.js:8 INFO: GET /hello
server.js:8 INFO: Server started on port 8000

server.js:4 INFO: Routes detected:
server.js:8 INFO: GET /hello
server.js:8 INFO: Server started on port 8000

C:\dev\project-template\src\utility\server.js:4 INFO: Routes detected:
C:\dev\project-template\src\utility\server.js:8 INFO: GET /hello
C:\dev\project-template\src\controllers\server.controller.js:38 INFO: [2025-03-27T18:57:26.467Z] GET /hello
[2025-03-27T18:57:26.467Z] GET /hello
